======================================================================
 VELESPRO :: Quantum Chemistry Suite
 Version 2026.1.0
======================================================================

[PROPERTIES]
  Molecule:  water
  Atoms:     3
  Units:     Angstrom

[GEOMETRY]
  Element            X            Y            Z
  --------------------------------------------------
  H           1.638037     1.136566    -0.000000
  H          -1.638037     1.136566    -0.000000
  O           0.000000    -0.143208     0.000000
  --------------------------------------------------

[RESULTS.Repulsion]
  Nuclear Repulsion Energy: 8.002367181394842 Hartrees
  --------------------------------------------------

[RESULTS.Rotational]
The rotational constants in cm-1 are:
A = 48.262935066774354   B = 26.16339595046661   C = 16.966069166988298

The rotational constants in GHz are:
A = 1.6098782267155753   B = 0.8727169497528392   C = 0.5659271510755718
  --------------------------------------------------


======================================================================
# vim: set foldmethod=expr foldexpr=getline(v\:lnum)=~'^\['?'>1'\:'=' :
